             VMA              LMA     Size Align Out     In      Symbol
               0                0 40100000     1 . = 0x40100000
        40100000                0        0     1 __kernel_start = .
        40100000         40100000    21000  4096 .text
        40100000         40100000        0     1         __text_start = .
        40100000         40100000       1c     4         build-gui-textfield/boot.o:(.text.boot)
        40100000         40100000        0     1                 $x
        40100000         40100000       1c     1                 _start
        4010001c         4010001c      7e4     1         . = ALIGN(2048)
        40100800         40100800      800  2048         build-gui-textfield/exception-vector.o:(.text.vector)
        40100800         40100800        0     1                 $x
        40100800         40100800      800     1                 exception_vectors
        40100804         40100804        0     1                 $d
        40100880         40100880        0     1                 $x
        40100884         40100884        0     1                 $d
        40100900         40100900        0     1                 $x
        40100904         40100904        0     1                 $d
        40100980         40100980        0     1                 $x
        40100984         40100984        0     1                 $d
        40100a00         40100a00        0     1                 $x
        40100a04         40100a04        0     1                 $d
        40100a80         40100a80        0     1                 $x
        40100a84         40100a84        0     1                 $d
        40100b00         40100b00        0     1                 $x
        40100b04         40100b04        0     1                 $d
        40100b80         40100b80        0     1                 $x
        40100b84         40100b84        0     1                 $d
        40100c00         40100c00        0     1                 $x
        40100c04         40100c04        0     1                 $d
        40100c80         40100c80        0     1                 $x
        40100c84         40100c84        0     1                 $d
        40100d00         40100d00        0     1                 $x
        40100d04         40100d04        0     1                 $d
        40100d80         40100d80        0     1                 $x
        40100d84         40100d84        0     1                 $d
        40100e00         40100e00        0     1                 $x
        40100e04         40100e04        0     1                 $d
        40100e80         40100e80        0     1                 $x
        40100e84         40100e84        0     1                 $d
        40100f00         40100f00        0     1                 $x
        40100f04         40100f04        0     1                 $d
        40100f80         40100f80        0     1                 $x
        40100f84         40100f84        0     1                 $d
        40101000         40101000        0     4         build-gui-textfield/boot.o:(.text)
        40101000         40101000      224     4         build-gui-textfield/exception-vector.o:(.text)
        40101000         40101000        0     1                 exception_sync
        40101000         40101000        0     1                 $x
        401010d8         401010d8        0     1                 exception_irq
        401011b0         401011b0        8     1                 thread_bootstrap
        401011b8         401011b8        0     1                 exception_fiq
        401011c0         401011c0        0     1                 exception_serror
        401011c4         401011c4        0     1                 exception_capture
        40101224         40101224        8     4         build-gui-textfield/halt.o:(.text)
        40101224         40101224        0     1                 $x
        40101224         40101224        8     1                 cpu_halt
        4010122c         4010122c      374     4         build-gui-textfield/main.o:(.text)
        4010122c         4010122c        0     1                 $x
        4010122c         4010122c      374     1                 kernel_main
        401015a0         401015a0       60     4         build-gui-textfield/console.o:(.text)
        401015a0         401015a0        0     1                 $x
        401015a0         401015a0       14     1                 console_putc
        401015b4         401015b4       14     1                 console_write
        401015c8         401015c8        4     1                 console_getc
        401015cc         401015cc        4     1                 console_try_getc
        401015d0         401015d0       14     1                 console_set_output
        401015e4         401015e4       14     1                 console_reset_output
        401015f8         401015f8        4     1                 debug_console_putc
        401015fc         401015fc        4     1                 debug_console_write
        40101600         40101600      12c     4         build-gui-textfield/display.o:(.text)
        40101600         40101600        0     1                 $x
        40101600         40101600       14     1                 display_available
        40101614         40101614        c     1                 display_width
        40101620         40101620        c     1                 display_height
        4010162c         4010162c        c     1                 display_pitch
        40101638         40101638        c     1                 display_pixel_format
        40101644         40101644        c     1                 display_framebuffer
        40101650         40101650       34     1                 display_register
        40101684         40101684       a8     1                 display_flush
        4010172c         4010172c      d20     4         build-gui-textfield/graphics.o:(.text)
        4010172c         4010172c        0     1                 $x
        4010172c         4010172c       d8     1                 graphics_put_pixel
        40101804         40101804      16c     1                 graphics_fill_rect
        40101970         40101970       6c     1                 graphics_clear
        401019dc         401019dc       24     1                 graphics_set_target
        40101a00         40101a00       24     1                 graphics_reset_target
        40101a24         40101a24        8     1                 graphics_glyph_width
        40101a2c         40101a2c        8     1                 graphics_glyph_height
        40101a34         40101a34        8     1                 graphics_cell_width
        40101a3c         40101a3c        8     1                 graphics_cell_height
        40101a44         40101a44      2a8     1                 graphics_draw_codepoint
        40101cec         40101cec        8     1                 graphics_draw_char
        40101cf4         40101cf4       5c     1                 graphics_draw_text
        40101d50         40101d50      6fc     1                 graphics_test
        4010244c         4010244c      258     4         build-gui-textfield/surface.o:(.text)
        4010244c         4010244c        0     1                 $x
        4010244c         4010244c       98     1                 surface_clear
        401024e4         401024e4      154     1                 surface_create
        40102638         40102638       6c     1                 surface_destroy
        401026a4         401026a4      e70     4         build-gui-textfield/compositor.o:(.text)
        401026a4         401026a4        0     1                 $x
        401026a4         401026a4      100     1                 compositor_init
        401027a4         401027a4       e4     1                 compositor_add
        40102888         40102888       54     1                 compositor_mark_dirty
        401028dc         401028dc      314     1                 compositor_present
        40102bf0         40102bf0      124     1                 mark_screen_region
        40102d14         40102d14      118     1                 compositor_remove
        40102e2c         40102e2c        c     1                 compositor_surface_count
        40102e38         40102e38       1c     1                 compositor_terminal_surface
        40102e54         40102e54       18     1                 compositor_render_begin
        40102e6c         40102e6c        4     1                 compositor_render_end
        40102e70         40102e70       20     1                 compositor_begin_update
        40102e90         40102e90       30     1                 compositor_end_update
        40102ec0         40102ec0       14     1                 compositor_cancel_update
        40102ed4         40102ed4      11c     1                 compositor_handle_pointer_event
        40102ff0         40102ff0      524     1                 compositor_test
        40103514         40103514     3144     4         build-gui-textfield/window.o:(.text)
        40103514         40103514        0     1                 $x
        40103514         40103514      1ec     1                 window_manager_init
        40103700         40103700      304     1                 window_create
        40103a04         40103a04      4cc     1                 window_focus
        40103ed0         40103ed0      100     1                 render_frame
        40103fd0         40103fd0      13c     1                 window_destroy
        4010410c         4010410c       34     1                 window_show
        40104140         40104140       b4     1                 queue_event
        401041f4         401041f4       b8     1                 window_move
        401042ac         401042ac      158     1                 window_hit_test
        40104404         40104404       8c     1                 window_at
        40104490         40104490      680     1                 window_manager_handle_pointer_event
        40104b10         40104b10       dc     1                 redraw_close_box
        40104bec         40104bec      414     1                 resize_window_commit
        40105000         40105000      1a0     1                 window_manager_create_user
        401051a0         401051a0       7c     1                 window_manager_destroy_user
        4010521c         4010521c       a0     1                 window_manager_present_user
        401052bc         401052bc       cc     1                 window_manager_read_user_event
        40105388         40105388      10c     1                 route_pending_input
        40105494         40105494       7c     1                 window_manager_destroy_process_windows
        40105510         40105510       18     1                 window_manager_terminal_client_surface
        40105528         40105528       34     1                 window_manager_terminal_focused
        4010555c         4010555c     10fc     1                 window_manager_test
        40106658         40106658       b8     4         build-gui-textfield/render-stats.o:(.text)
        40106658         40106658        0     1                 $x
        40106658         40106658       18     1                 render_stats_reset
        40106670         40106670       28     1                 render_stats_snapshot
        40106698         40106698       14     1                 render_stats_glyph_draw
        401066ac         401066ac       14     1                 render_stats_dirty_mark
        401066c0         401066c0       14     1                 render_stats_compositor_compose
        401066d4         401066d4       14     1                 render_stats_display_flush
        401066e8         401066e8       14     1                 render_stats_gpu_transfer
        401066fc         401066fc       14     1                 render_stats_gpu_flush
        40106710         40106710      2e8     4         build-gui-textfield/render-test.o:(.text)
        40106710         40106710        0     1                 $x
        40106710         40106710      2e8     1                 render_batching_test
        401069f8         401069f8      164     4         build-gui-textfield/utf8.o:(.text)
        401069f8         401069f8        0     1                 $x
        401069f8         401069f8        c     1                 utf8_decoder_init
        40106a04         40106a04      124     1                 utf8_decoder_push
        40106b28         40106b28       24     1                 utf8_decoder_flush
        40106b4c         40106b4c       10     1                 utf8_self_test
        40106b5c         40106b5c      82c     4         build-gui-textfield/terminal.o:(.text)
        40106b5c         40106b5c        0     1                 $x
        40106b5c         40106b5c      180     1                 terminal_init
        40106cdc         40106cdc        4     1                 terminal_begin_update
        40106ce0         40106ce0        8     1                 terminal_framebuffer_active
        40106ce8         40106ce8        4     1                 terminal_end_update
        40106cec         40106cec        4     1                 terminal_cancel_update
        40106cf0         40106cf0        c     1                 terminal_geometry_detected
        40106cfc         40106cfc      110     1                 terminal_geometry_self_test
        40106e0c         40106e0c      190     1                 terminal_parse_geometry_response
        40106f9c         40106f9c      29c     1                 terminal_read_key
        40107238         40107238        c     1                 terminal_clear
        40107244         40107244      108     1                 terminal_move_cursor
        4010734c         4010734c        c     1                 terminal_clear_line
        40107358         40107358        c     1                 terminal_hide_cursor
        40107364         40107364        c     1                 terminal_show_cursor
        40107370         40107370        c     1                 terminal_rows
        4010737c         4010737c        c     1                 terminal_columns
        40107388         40107388      db0     4         build-gui-textfield/terminal-fb.o:(.text)
        40107388         40107388        0     1                 $x
        40107388         40107388      218     1                 terminal_fb_init
        401075a0         401075a0       28     1                 terminal_fb_putc
        401075c8         401075c8      194     1                 terminal_fb_put_codepoint
        4010775c         4010775c       7c     1                 terminal_fb_write
        401077d8         401077d8      1bc     1                 terminal_fb_clear
        40107994         40107994       f4     1                 terminal_fb_move_cursor
        40107a88         40107a88      184     1                 terminal_fb_clear_line
        40107c0c         40107c0c       dc     1                 fb_flush_cell
        40107ce8         40107ce8       5c     1                 terminal_fb_hide_cursor
        40107d44         40107d44       48     1                 terminal_fb_show_cursor
        40107d8c         40107d8c        c     1                 terminal_fb_rows
        40107d98         40107d98        c     1                 terminal_fb_columns
        40107da4         40107da4       44     1                 terminal_fb_self_test
        40107de8         40107de8       f0     1                 fb_flush_cursor_cell
        40107ed8         40107ed8      260     1                 fb_newline
        40108138         40108138      4c4     4         build-gui-textfield/input.o:(.text)
        40108138         40108138        0     1                 $x
        40108138         40108138       3c     1                 input_init
        40108174         40108174       90     1                 input_push_event
        40108204         40108204       80     1                 input_try_get_event
        40108284         40108284       94     1                 input_push_pointer_event
        40108318         40108318       80     1                 input_try_get_pointer_event
        40108398         40108398       8c     1                 input_wait_for_activity
        40108424         40108424       94     1                 input_read_event
        401084b8         401084b8       14     1                 input_set_hardware_available
        401084cc         401084cc        c     1                 input_hardware_available
        401084d8         401084d8        c     1                 input_dropped_events
        401084e4         401084e4      118     1                 input_self_test
        401085fc         401085fc     1998     4         build-gui-textfield/editor.o:(.text)
        401085fc         401085fc        0     1                 $x
        401085fc         401085fc      a94     1                 editor_self_test
        40109090         40109090      270     1                 editor_move_vertical
        40109300         40109300      1cc     1                 editor_load
        401094cc         401094cc      ac8     1                 editor_run
        40109f94         40109f94     3178     4         build-gui-textfield/elf.o:(.text)
        40109f94         40109f94        0     1                 $x
        40109f94         40109f94        4     1                 process_current
        40109f98         40109f98       28     1                 process_current_pid
        40109fc0         40109fc0      1d8     1                 process_find
        4010a198         4010a198        c     1                 process_last_spawned
        4010a1a4         4010a1a4       14     1                 process_is_zombie
        4010a1b8         4010a1b8       10     1                 process_user_physical
        4010a1c8         4010a1c8      10c     1                 process_count
        4010a2d4         4010a2d4        8     1                 elf_load_user
        4010a2dc         4010a2dc      840     1                 elf_load_user_with_stdio
        4010ab1c         4010ab1c       54     1                 discard_process
        4010ab70         4010ab70      188     1                 add_page
        4010acf8         4010acf8       c8     1                 clear_loaded_pages
        4010adc0         4010adc0      318     1                 build_user_stack
        4010b0d8         4010b0d8      160     1                 initialize_standard_handles
        4010b238         4010b238      17c     1                 elf_user_task_finished
        4010b3b4         4010b3b4       b0     1                 process_reap
        4010b464         4010b464       94     1                 process_mark_exit
        4010b4f8         4010b4f8       64     1                 elf_user_close_all
        4010b55c         4010b55c      12c     1                 clear_dynamic_allocations
        4010b688         4010b688      2f0     1                 elf_user_alloc
        4010b978         4010b978      148     1                 elf_user_free
        4010bac0         4010bac0       5c     1                 elf_user_allocation_count
        4010bb1c         4010bb1c      1c4     1                 elf_user_task_active
        4010bce0         4010bce0       28     1                 elf_error_string
        4010bd08         4010bd08        8     1                 elf_user_base
        4010bd10         4010bd10        8     1                 elf_user_limit
        4010bd18         4010bd18      280     1                 elf_user_open
        4010bf98         4010bf98       24     1                 user_vfs_error
        4010bfbc         4010bfbc      200     1                 elf_user_open_directory
        4010c1bc         4010c1bc      22c     1                 elf_user_read
        4010c3e8         4010c3e8      258     1                 elf_user_write
        4010c640         4010c640      1d4     1                 elf_user_read_directory
        4010c814         4010c814       60     1                 elf_user_mkdir
        4010c874         4010c874       5c     1                 elf_user_unlink
        4010c8d0         4010c8d0       5c     1                 elf_user_rmdir
        4010c92c         4010c92c       64     1                 elf_user_rename
        4010c990         4010c990       d0     1                 elf_user_getcwd
        4010ca60         4010ca60       d8     1                 elf_user_close
        4010cb38         4010cb38      184     1                 clear_handle
        4010ccbc         4010ccbc       78     1                 elf_user_handle_type
        4010cd34         4010cd34       78     1                 elf_user_handle_pipe
        4010cdac         4010cdac      1a0     1                 elf_user_open_count
        4010cf4c         4010cf4c       ec     1                 elf_install_test_payload
        4010d038         4010d038       d4     1                 stack_put_byte
        4010d10c         4010d10c       40     4         build-gui-textfield/panic.o:(.text)
        4010d10c         4010d10c        0     1                 $x
        4010d10c         4010d10c       40     1                 panic
        4010d14c         4010d14c      1ec     4         build-gui-textfield/exception.o:(.text)
        4010d14c         4010d14c        0     1                 $x
        4010d14c         4010d14c       b4     1                 exception_fatal
        4010d200         4010d200       24     1                 write_exception_type
        4010d224         4010d224      114     1                 exception_sync_handle
        4010d338         4010d338      a24     4         build-gui-textfield/syscall.o:(.text)
        4010d338         4010d338        0     1                 $x
        4010d338         4010d338      9b4     1                 syscall_handle
        4010dcec         4010dcec       70     1                 copy_user_path
        4010dd5c         4010dd5c      1f0     4         build-gui-textfield/irq.o:(.text)
        4010dd5c         4010dd5c        0     1                 $x
        4010dd5c         4010dd5c       a0     1                 irq_init
        4010ddfc         4010ddfc        4     1                 irq_enable
        4010de00         4010de00        4     1                 irq_disable
        4010de04         4010de04        4     1                 irq_save_disable
        4010de08         4010de08        4     1                 irq_restore
        4010de0c         4010de0c        c     1                 irq_timer_ticks
        4010de18         4010de18      120     1                 irq_handle
        4010df38         4010df38        4     1                 irq_uart_count
        4010df3c         4010df3c        4     1                 irq_uart_dropped_bytes
        4010df40         4010df40        c     1                 irq_user_preemptions
        4010df4c         4010df4c      d98     4         build-gui-textfield/scheduler.o:(.text)
        4010df4c         4010df4c        0     1                 $x
        4010df4c         4010df4c      160     1                 scheduler_init
        4010e0ac         4010e0ac      1f0     1                 scheduler_schedule
        4010e29c         4010e29c       1c     1                 scheduler_enable_user_task
        4010e2b8         4010e2b8       1c     1                 scheduler_enable_user_task_argv
        4010e2d4         4010e2d4      32c     1                 scheduler_enable_user_task_for_process
        4010e600         4010e600       c8     1                 scheduler_terminate_current
        4010e6c8         4010e6c8       5c     1                 scheduler_wake_input_waiter
        4010e724         4010e724       28     1                 scheduler_user_done
        4010e74c         4010e74c        c     1                 scheduler_user_exit_status
        4010e758         4010e758        c     1                 scheduler_set_user_exit_status
        4010e764         4010e764       6c     1                 scheduler_release_user_task
        4010e7d0         4010e7d0       20     1                 scheduler_current_process
        4010e7f0         4010e7f0       88     1                 scheduler_release_process
        4010e878         4010e878       1c     1                 scheduler_thread_count
        4010e894         4010e894       30     1                 scheduler_block_current
        4010e8c4         4010e8c4       40     1                 scheduler_block_current_thread
        4010e904         4010e904       34     1                 scheduler_wake_thread
        4010e938         4010e938        c     1                 scheduler_current_thread_id
        4010e944         4010e944       6c     1                 scheduler_block_input_current
        4010e9b0         4010e9b0       14     1                 scheduler_input_waiting
        4010e9c4         4010e9c4       1c     1                 scheduler_thread
        4010e9e0         4010e9e0        c     1                 scheduler_context_switches
        4010e9ec         4010e9ec        c     1                 scheduler_worker_counter
        4010e9f8         4010e9f8       14     1                 scheduler_worker_saw_shell_waiting
        4010ea0c         4010ea0c       7c     1                 scheduler_stack_ok
        4010ea88         4010ea88      218     1                 scheduler_test
        4010eca0         4010eca0       14     1                 thread_entry_returned
        4010ecb4         4010ecb4       30     1                 worker_entry
        4010ece4         4010ece4      404     4         build-gui-textfield/pipe.o:(.text)
        4010ece4         4010ece4        0     1                 $x
        4010ece4         4010ece4       80     1                 pipe_create
        4010ed64         4010ed64       68     1                 pipe_discard
        4010edcc         4010edcc       14     1                 pipe_reader_open
        4010ede0         4010ede0       14     1                 pipe_writer_open
        4010edf4         4010edf4       88     1                 pipe_reader_close
        4010ee7c         4010ee7c       88     1                 pipe_writer_close
        4010ef04         4010ef04        c     1                 pipe_wait_reader
        4010ef10         4010ef10        c     1                 pipe_wait_writer
        4010ef1c         4010ef1c       c8     1                 pipe_read_try
        4010efe4         4010efe4       d4     1                 pipe_write_try
        4010f0b8         4010f0b8        c     1                 pipe_reader_count
        4010f0c4         4010f0c4        c     1                 pipe_writer_count
        4010f0d0         4010f0d0        c     1                 pipe_live_count
        4010f0dc         4010f0dc        c     1                 pipe_live_bytes
        4010f0e8         4010f0e8     16cc     4         build-gui-textfield/vfs.o:(.text)
        4010f0e8         4010f0e8        0     1                 $x
        4010f0e8         4010f0e8      188     1                 vfs_init
        4010f270         4010f270       84     1                 vfs_mount_root
        4010f2f4         4010f2f4       64     1                 vfs_mkdir
        4010f358         4010f358       7c     1                 vfs_create_file
        4010f3d4         4010f3d4       2c     1                 vfs_set_mount_info
        4010f400         4010f400        c     1                 vfs_mount_filesystem
        4010f40c         4010f40c        c     1                 vfs_mount_device
        4010f418         4010f418        c     1                 vfs_root
        4010f424         4010f424      10c     1                 vfs_mount_at
        4010f530         4010f530      150     1                 vfs_format_path
        4010f680         4010f680       a8     1                 vfs_node_is_mountpoint
        4010f728         4010f728       b8     1                 vfs_same_mount
        4010f7e0         4010f7e0        c     1                 vfs_mount_count
        4010f7ec         4010f7ec       30     1                 vfs_mount_path
        4010f81c         4010f81c       30     1                 vfs_mount_filesystem_at
        4010f84c         4010f84c       30     1                 vfs_mount_device_at
        4010f87c         4010f87c       38     1                 vfs_mount_label_at
        4010f8b4         4010f8b4      1f4     1                 vfs_unmount_path
        4010faa8         4010faa8      280     1                 vfs_resolve
        4010fd28         4010fd28       24     1                 vfs_lookup
        4010fd4c         4010fd4c       24     1                 vfs_readdir
        4010fd70         4010fd70      1f4     1                 vfs_parent_and_name
        4010ff64         4010ff64       18     1                 vfs_read
        4010ff7c         4010ff7c       3c     1                 vfs_get_size
        4010ffb8         4010ffb8       1c     1                 vfs_read_at
        4010ffd4         4010ffd4       1c     1                 vfs_write_at
        4010fff0         4010fff0       18     1                 vfs_node_release
        40110008         40110008       f0     1                 vfs_touch
        401100f8         401100f8       e4     1                 vfs_write
        401101dc         401101dc       e4     1                 vfs_append
        401102c0         401102c0      158     1                 vfs_remove
        40110418         40110418      170     1                 vfs_rmdir
        40110588         40110588      1ec     1                 vfs_rename
        40110774         40110774       28     1                 vfs_error_string
        4011079c         4011079c        8     1                 vfs_node_name
        401107a4         401107a4        8     1                 vfs_node_parent
        401107ac         401107ac        8     1                 vfs_node_type
        401107b4         401107b4      a04     4         build-gui-textfield/ramfs.o:(.text)
        401107b4         401107b4        0     1                 $x
        401107b4         401107b4       60     1                 ramfs_create
        40110814         40110814      174     1                 ramfs_make_node
        40110988         40110988        c     1                 ramfs_root
        40110994         40110994       78     1                 ramfs_lookup
        40110a0c         40110a0c       54     1                 ramfs_readdir
        40110a60         40110a60       20     1                 ramfs_mkdir
        40110a80         40110a80      16c     1                 ramfs_create_file
        40110bec         40110bec       5c     1                 ramfs_read
        40110c48         40110c48       5c     1                 ramfs_read_at
        40110ca4         40110ca4      11c     1                 ramfs_write
        40110dc0         40110dc0      158     1                 ramfs_write_at
        40110f18         40110f18      124     1                 ramfs_append
        4011103c         4011103c       94     1                 ramfs_remove
        401110d0         401110d0       94     1                 ramfs_rename
        40111164         40111164       54     1                 ramfs_move
        401111b8         401111b8     3888     4         build-gui-textfield/nimfs.o:(.text)
        401111b8         401111b8        0     1                 $x
        401111b8         401111b8        c     1                 nimfs_mount
        401111c4         401111c4      464     1                 nimfs_mount_internal
        40111628         40111628        8     1                 nimfs_mount_at
        40111630         40111630        4     1                 nimfs_mount_at_owned
        40111634         40111634      594     1                 nimfs_format_labeled
        40111bc8         40111bc8       a0     1                 alloc_block
        40111c68         40111c68       e0     1                 save_inode
        40111d48         40111d48        8     1                 nimfs_format
        40111d50         40111d50      194     1                 nimfs_volume_label
        40111ee4         40111ee4      110     1                 nimfs_create_initial_tree
        40111ff4         40111ff4       28     1                 nimfs_error_string
        4011201c         4011201c       10     1                 nimfs_total_blocks
        4011202c         4011202c      120     1                 nimfs_free_blocks
        4011214c         4011214c       98     1                 nimfs_free_inodes
        401121e4         401121e4      2c8     1                 nf_lookup
        401124ac         401124ac      280     1                 nf_readdir
        4011272c         4011272c      36c     1                 nf_mkdir
        40112a98         40112a98      2ec     1                 nf_create
        40112d84         40112d84       dc     1                 nf_read
        40112e60         40112e60       ec     1                 nf_read_at
        40112f4c         40112f4c       44     1                 nf_write
        40112f90         40112f90      5b8     1                 nf_write_at
        40113548         40113548      150     1                 nf_append
        40113698         40113698       30     1                 nf_release
        401136c8         401136c8      250     1                 nf_remove
        40113918         40113918      464     1                 nf_rename
        40113d7c         40113d7c      170     1                 nf_move
        40113eec         40113eec       cc     1                 make_node
        40113fb8         40113fb8      134     1                 alloc_inode
        401140ec         401140ec      3ac     1                 add_entry
        40114498         40114498      388     1                 replace_data
        40114820         40114820      220     1                 remove_entry
        40114a40         40114a40       d4     4         build-gui-textfield/timer.o:(.text)
        40114a40         40114a40        0     1                 $x
        40114a40         40114a40       3c     1                 timer_init
        40114a7c         40114a7c       24     1                 timer_frequency
        40114aa0         40114aa0        4     1                 timer_ticks
        40114aa4         40114aa4       70     1                 timer_uptime_ms
        40114b14         40114b14       b4     4         build-gui-textfield/arch-timer.o:(.text)
        40114b14         40114b14        0     1                 $x
        40114b14         40114b14        8     1                 arch_timer_frequency
        40114b1c         40114b1c        8     1                 arch_timer_ticks
        40114b24         40114b24       64     1                 arch_timer_irq_init
        40114b88         40114b88       30     1                 arch_timer_irq_rearm
        40114bb8         40114bb8       10     1                 arch_timer_irq_stop
        40114bc8         40114bc8       38     4         build-gui-textfield/arch-irq.o:(.text)
        40114bc8         40114bc8        0     1                 $x
        40114bc8         40114bc8        8     1                 arch_irq_enable
        40114bd0         40114bd0        8     1                 arch_irq_disable
        40114bd8         40114bd8        c     1                 arch_irq_save_disable
        40114be4         40114be4        c     1                 arch_irq_restore
        40114bf0         40114bf0        8     1                 arch_wait_for_event
        40114bf8         40114bf8        8     1                 arch_signal_event
        40114c00         40114c00     1960     4         build-gui-textfield/mmu.o:(.text)
        40114c00         40114c00        0     1                 $x
        40114c00         40114c00        c     1                 mmu_enabled
        40114c0c         40114c0c        c     1                 mmu_initial_sctlr
        40114c18         40114c18        8     1                 mmu_current_sctlr
        40114c20         40114c20      2b4     1                 mmu_validate_protections
        40114ed4         40114ed4       90     1                 descriptor_matches
        40114f64         40114f64       1c     1                 mmu_write_text_test
        40114f80         40114f80       18     1                 mmu_execute_data_test
        40114f98         40114f98      864     1                 mmu_init
        401157fc         401157fc       b8     1                 mmu_user_readable_range
        401158b4         401158b4       b8     1                 mmu_user_writable_range
        4011596c         4011596c       b4     1                 mmu_map_user_page
        40115a20         40115a20       a4     1                 mmu_map_user_page_in
        40115ac4         40115ac4      188     1                 map_page_at
        40115c4c         40115c4c       88     1                 mmu_unmap_user_page
        40115cd4         40115cd4       84     1                 mmu_unmap_user_page_in
        40115d58         40115d58      100     1                 l2_table
        40115e58         40115e58      19c     1                 mmu_clear_user_range_in
        40115ff4         40115ff4        c     1                 mmu_kernel_address_space
        40116000         40116000       58     1                 mmu_address_space_create
        40116058         40116058       d0     1                 clone_table
        40116128         40116128       9c     1                 mmu_address_space_destroy
        401161c4         401161c4       50     1                 mmu_activate_address_space
        40116214         40116214       68     1                 destroy_table
        4011627c         4011627c       b4     1                 mmu_user_readable_range_in
        40116330         40116330       bc     1                 mmu_user_writable_range_in
        401163ec         401163ec       84     1                 mmu_user_physical_address
        40116470         40116470       b0     1                 mmu_map_device_range
        40116520         40116520        c     1                 mmu_page_table_pages
        4011652c         4011652c        c     1                 mmu_l3_table_pages
        40116538         40116538       28     1                 mmu_fault_test
        40116560         40116560      168     4         build-gui-textfield/memory.o:(.text)
        40116560         40116560        0     1                 $x
        40116560         40116560        4     1                 memory_discover
        40116564         40116564      164     1                 memory_print_map
        401166c8         401166c8      b1c     4         build-gui-textfield/qemu-memory.o:(.text)
        401166c8         401166c8        0     1                 $x
        401166c8         401166c8      a60     1                 platform_memory_discover
        40117128         40117128       bc     1                 add_reserved
        401171e4         401171e4      e7c     4         build-gui-textfield/qemu-irq.o:(.text)
        401171e4         401171e4        0     1                 $x
        401171e4         401171e4      e7c     1                 irq_platform_discover
        40118060         40118060     28f0     4         build-gui-textfield/qemu-virtio.o:(.text)
        40118060         40118060        0     1                 $x
        40118060         40118060      7f4     1                 virtio_mmio_discover
        40118854         40118854      338     1                 virtio_block_init
        40118b8c         40118b8c        8     1                 read_block
        40118b94         40118b94        8     1                 write_block
        40118b9c         40118b9c      5b0     1                 virtio_gpu_init
        4011914c         4011914c       dc     1                 gpu_submit
        40119228         40119228       e0     1                 gpu_release
        40119308         40119308      2dc     1                 gpu_flush
        401195e4         401195e4      38c     1                 virtio_input_init
        40119970         40119970      1cc     1                 input_is_pointer
        40119b3c         40119b3c      358     1                 virtio_pointer_init
        40119e94         40119e94       14     1                 virtio_input_available
        40119ea8         40119ea8        c     1                 virtio_input_interrupt
        40119eb4         40119eb4       14     1                 virtio_pointer_available
        40119ec8         40119ec8        c     1                 virtio_pointer_interrupt
        40119ed4         40119ed4      158     1                 virtio_input_handle_irq
        4011a02c         4011a02c      190     1                 input_translate_key
        4011a1bc         4011a1bc      2d8     1                 virtio_pointer_handle_irq
        4011a494         4011a494      154     1                 virtio_input_self_test
        4011a5e8         4011a5e8      168     1                 io
        4011a750         4011a750       2c     1                 input_letter
        4011a77c         4011a77c      144     1                 input_symbol
        4011a8c0         4011a8c0       90     1                 input_pointer_move
        4011a950         4011a950      184     4         build-gui-textfield/gic.o:(.text)
        4011a950         4011a950        0     1                 $x
        4011a950         4011a950       70     1                 platform_gic_enable_interrupt
        4011a9c0         4011a9c0       e8     1                 platform_gic_init
        4011aaa8         4011aaa8       14     1                 platform_gic_acknowledge
        4011aabc         4011aabc       18     1                 platform_gic_end
        4011aad4         4011aad4      634     4         build-gui-textfield/pmm.o:(.text)
        4011aad4         4011aad4        0     1                 $x
        4011aad4         4011aad4      320     1                 pmm_init
        4011adf4         4011adf4       d8     1                 pmm_alloc_page
        4011aecc         4011aecc      11c     1                 pmm_alloc_contiguous
        4011afe8         4011afe8       d8     1                 pmm_free_page
        4011b0c0         4011b0c0        c     1                 pmm_total_pages
        4011b0cc         4011b0cc        c     1                 pmm_free_pages
        4011b0d8         4011b0d8       18     1                 pmm_used_pages
        4011b0f0         4011b0f0        c     1                 pmm_metadata_pages
        4011b0fc         4011b0fc        c     1                 pmm_bitmap_bytes
        4011b108         4011b108      41c     4         build-gui-textfield/heap.o:(.text)
        4011b108         4011b108        0     1                 $x
        4011b108         4011b108       44     1                 heap_init
        4011b14c         4011b14c      20c     1                 kmalloc
        4011b358         4011b358      140     1                 kfree
        4011b498         4011b498        c     1                 heap_allocated_bytes
        4011b4a4         4011b4a4        c     1                 heap_reserved_bytes
        4011b4b0         4011b4b0       74     1                 heap_reusable_bytes
        4011b524         4011b524      1c8     4         build-gui-textfield/format.o:(.text)
        4011b524         4011b524        0     1                 $x
        4011b524         4011b524       70     1                 format_u64_hex
        4011b594         4011b594       74     1                 format_u64_decimal
        4011b608         4011b608       70     1                 debug_format_u64_hex
        4011b678         4011b678       74     1                 debug_format_u64_decimal
        4011b6ec         4011b6ec     4a58     4         build-gui-textfield/shell.o:(.text)
        4011b6ec         4011b6ec        0     1                 $x
        4011b6ec         4011b6ec      b10     1                 shell_redirection_test
        4011c1fc         4011c1fc     1168     1                 shell_execute
        4011d364         4011d364      8e0     1                 shell_jobs_test
        4011dc44         4011dc44      180     1                 shell_latest_job
        4011ddc4         4011ddc4       3c     1                 shell_job_wait
        4011de00         4011de00      1f4     1                 shell_fg
        4011dff4         4011dff4       f0     1                 shell_job_refresh
        4011e0e4         4011e0e4      280     1                 shell_command_test
        4011e364         4011e364      108     1                 shell_run
        4011e46c         4011e46c       bc     1                 shell_uptime
        4011e528         4011e528       2c     1                 shell_ticks
        4011e554         4011e554       54     1                 shell_irqs
        4011e5a8         4011e5a8      12c     1                 shell_memory
        4011e6d4         4011e6d4      108     1                 shell_threads
        4011e7dc         4011e7dc       2c     1                 shell_counter
        4011e808         4011e808       88     1                 shell_cd
        4011e890         4011e890       38     1                 shell_edit
        4011e8c8         4011e8c8       64     1                 shell_terminal
        4011e92c         4011e92c       d8     1                 shell_disks
        4011ea04         4011ea04       f0     1                 shell_mounts
        4011eaf4         4011eaf4       c8     1                 shell_jobs_show
        4011ebbc         4011ebbc      328     1                 shell_mount
        4011eee4         4011eee4       fc     1                 shell_eject
        4011efe0         4011efe0      100     1                 shell_run_program
        4011f0e0         4011f0e0      26c     1                 shell_which
        4011f34c         4011f34c       bc     1                 shell_fsinfo
        4011f408         4011f408      19c     1                 shell_launch
        4011f5a4         4011f5a4      330     1                 shell_parse_stage
        4011f8d4         4011f8d4      134     1                 shell_validate_command
        4011fa08         4011fa08      1ec     1                 shell_job_alloc
        4011fbf4         4011fbf4      190     1                 shell_prepare_file_bindings
        4011fd84         4011fd84      364     1                 shell_spawn_process
        401200e8         401200e8       3c     1                 shell_stdio_release_files
        40120124         40120124       20     1                 shell_fs_error
        40120144         40120144      174     4         build-gui-textfield/block.o:(.text)
        40120144         40120144        0     1                 $x
        40120144         40120144        c     1                 block_init
        40120150         40120150       64     1                 block_register
        401201b4         401201b4        c     1                 block_count
        401201c0         401201c0       88     1                 block_find
        40120248         40120248       28     1                 block_get
        40120270         40120270       24     1                 block_read
        40120294         40120294       24     1                 block_write
        401202b8         401202b8      318     4         build-gui-textfield/uart.o:(.text)
        401202b8         401202b8        0     1                 $x
        401202b8         401202b8       2c     1                 uart_init
        401202e4         401202e4       1c     1                 uart_putc
        40120300         40120300       7c     1                 uart_getc
        4012037c         4012037c       68     1                 uart_try_getc
        401203e4         401203e4       28     1                 uart_puts
        4012040c         4012040c       1c     1                 uart_enable_rx_interrupt
        40120428         40120428       e0     1                 uart_handle_irq
        40120508         40120508        c     1                 uart_rx_irq_count
        40120514         40120514        c     1                 uart_dropped_bytes
        40120520         40120520       b0     1                 uart_overflow_test
        401205d0         401205d0       5c     4         build-gui-textfield/arch-exception.o:(.text)
        401205d0         401205d0        0     1                 $x
        401205d0         401205d0       40     1                 exception_init
        40120610         40120610        c     1                 exception_current_el
        4012061c         4012061c       10     1                 exception_test_trigger
        4012062c         4012062c        0     4         build-gui-textfield/user-test.o:(.text)
        4012062c         4012062c        0     4         build-gui-textfield/user-syscall.o:(.text)
        4012062c         4012062c      9d4     1         . = ALIGN(0x1000)
        40121000         40121000        0     1         __text_end = .
        40121000         40121000     5000  4096 .rodata
        40121000         40121000        0     1         __rodata_start = .
        40121000         40121000     3129     1         <internal>:(.rodata.str1.1)
        4012412c         4012412c       40     4         <internal>:(.rodata.str4.4)
        40124170         40124170      950     8         build-gui-textfield/graphics.o:(.rodata)
        40124170         40124170      1d4     1                 uppercase
        40124170         40124170        0     1                 $d
        40124344         40124344      1d4     1                 lowercase
        40124518         40124518       b4     1                 digits
        401245cc         401245cc       12     1                 glyph_exclamation
        401245de         401245de       12     1                 glyph_question
        401245f0         401245f0       12     1                 glyph_colon
        40124602         40124602       12     1                 glyph_semicolon
        40124614         40124614       12     1                 glyph_dot
        40124626         40124626       12     1                 glyph_comma
        40124638         40124638       12     1                 glyph_slash
        4012464a         4012464a       12     1                 glyph_backslash
        4012465c         4012465c       12     1                 glyph_left_bracket
        4012466e         4012466e       12     1                 glyph_right_bracket
        40124680         40124680       12     1                 glyph_left_brace
        40124692         40124692       12     1                 glyph_right_brace
        401246a4         401246a4       12     1                 glyph_left_paren
        401246b6         401246b6       12     1                 glyph_right_paren
        401246c8         401246c8       12     1                 glyph_less
        401246da         401246da       12     1                 glyph_greater
        401246ec         401246ec       12     1                 glyph_plus
        401246fe         401246fe       12     1                 glyph_minus
        40124710         40124710       12     1                 glyph_equals
        40124722         40124722       12     1                 glyph_underscore
        40124734         40124734       12     1                 glyph_replacement
        40124748         40124748       88     1                 graphics_cyrillic_ascii.upper
        40124ac0         40124ac0        a     4         build-gui-textfield/window.o:(.rodata)
        40124ac0         40124ac0        0     1                 $d
        40124aca         40124aca       63     1         build-gui-textfield/terminal.o:(.rodata)
        40124aca         40124aca        c     1                 terminal_geometry_self_test.valid
        40124aca         40124aca        0     1                 $d
        40124ad6         40124ad6        a     1                 terminal_geometry_self_test.malformed
        40124ae0         40124ae0        9     1                 terminal_geometry_self_test.missing_number
        40124ae9         40124ae9       1f     1                 terminal_geometry_self_test.huge
        40124b08         40124b08        b     1                 terminal_geometry_self_test.bad_rows
        40124b13         40124b13        c     1                 terminal_geometry_self_test.bad_columns
        40124b1f         40124b1f        e     1                 terminal_geometry_self_test.surrounding
        40124b2e         40124b2e       18     2         build-gui-textfield/editor.o:(.rodata)
        40124b2e         40124b2e        0     1                 $d
        40124b42         40124b42        4     1                 editor_self_test.initial
        40124b48         40124b48      310     8         build-gui-textfield/elf.o:(.rodata)
        40124b48         40124b48        0     1                 $d
        40124e58         40124e58       18     8         build-gui-textfield/exception.o:(.rodata)
        40124e58         40124e58        0     1                 $d
        40124e70         40124e70       38     2         build-gui-textfield/syscall.o:(.rodata)
        40124e70         40124e70        0     1                 $d
        40124ea8         40124ea8      120     8         build-gui-textfield/vfs.o:(.rodata)
        40124ea8         40124ea8       40     1                 vfs_init.directories
        40124ea8         40124ea8        0     1                 $d
        40124fc8         40124fc8       68     8         build-gui-textfield/ramfs.o:(.rodata)
        40124fc8         40124fc8       68     1                 ramfs_operations
        40124fc8         40124fc8        0     1                 $d
        40125030         40125030       80     8         build-gui-textfield/nimfs.o:(.rodata)
        40125030         40125030       68     1                 ops
        40125030         40125030        0     1                 $d
        401250b0         401250b0       b3     4         build-gui-textfield/qemu-virtio.o:(.rodata)
        401250b0         401250b0        0     1                 $d
        40125168         40125168       a8     8         build-gui-textfield/shell.o:(.rodata)
        40125168         40125168       a8     1                 shell_is_builtin.builtins
        40125168         40125168        0     1                 $d
        40125210         40125210      df0     1         . = ALIGN(0x1000)
        40126000         40126000        0     1         __rodata_end = .
        40126000         40126000    3a000  4096 .data
        40126000         40126000        0     1         __data_start = .
        40126000         40126000        8     4         build-gui-textfield/terminal.o:(.data)
        40126000         40126000        4     1                 terminal_column_count
        40126000         40126000        0     1                 $d
        40126004         40126004        4     1                 terminal_row_count
        40126008         40126008        8     8         build-gui-textfield/elf.o:(.data)
        40126008         40126008        8     1                 next_pid
        40126008         40126008        0     1                 $d
        40126010         40126010        8     8         build-gui-textfield/nimfs.o:(.data)
        40126010         40126010        8     1                 active_context
        40126010         40126010        0     1                 $d
        40126018         40126018        4     4         <internal>:(.data)
        4012601c         4012601c        4     4         build-gui-textfield/shell.o:(.data)
        4012601c         4012601c        4     1                 shell_next_job_id
        4012601c         4012601c        0     1                 $d
        40126020         40126020        8     8         build-gui-textfield/uart.o:(.data)
        40126020         40126020        8     1                 uart_base
        40126020         40126020        0     1                 $d
        40126028         40126028     38c8     1         build-gui-textfield/hello-payload.o:(.data)
        40126028         40126028        0     1                 _binary_build_user_app_hello_elf_start
        401298f0         401298f0        0     1                 _binary_build_user_app_hello_elf_end
        401298f0         401298f0     1f98     1         build-gui-textfield/cat-payload.o:(.data)
        401298f0         401298f0        0     1                 _binary_build_user_app_cat_elf_start
        4012b888         4012b888        0     1                 _binary_build_user_app_cat_elf_end
        4012b888         4012b888     1b60     1         build-gui-textfield/filetest-payload.o:(.data)
        4012b888         4012b888        0     1                 _binary_build_user_app_filetest_elf_start
        4012d3e8         4012d3e8        0     1                 _binary_build_user_app_filetest_elf_end
        4012d3e8         4012d3e8     2df8     1         build-gui-textfield/edit-payload.o:(.data)
        4012d3e8         4012d3e8        0     1                 _binary_build_user_app_edit_elf_start
        401301e0         401301e0        0     1                 _binary_build_user_app_edit_elf_end
        401301e0         401301e0     1ef0     1         build-gui-textfield/ls-payload.o:(.data)
        401301e0         401301e0        0     1                 _binary_build_user_app_ls_elf_start
        401320d0         401320d0        0     1                 _binary_build_user_app_ls_elf_end
        401320d0         401320d0     1e60     1         build-gui-textfield/mkdir-payload.o:(.data)
        401320d0         401320d0        0     1                 _binary_build_user_app_mkdir_elf_start
        40133f30         40133f30        0     1                 _binary_build_user_app_mkdir_elf_end
        40133f30         40133f30     1e78     1         build-gui-textfield/touch-payload.o:(.data)
        40133f30         40133f30        0     1                 _binary_build_user_app_touch_elf_start
        40135da8         40135da8        0     1                 _binary_build_user_app_touch_elf_end
        40135da8         40135da8     1e58     1         build-gui-textfield/rm-payload.o:(.data)
        40135da8         40135da8        0     1                 _binary_build_user_app_rm_elf_start
        40137c00         40137c00        0     1                 _binary_build_user_app_rm_elf_end
        40137c00         40137c00     1e60     1         build-gui-textfield/rmdir-payload.o:(.data)
        40137c00         40137c00        0     1                 _binary_build_user_app_rmdir_elf_start
        40139a60         40139a60        0     1                 _binary_build_user_app_rmdir_elf_end
        40139a60         40139a60     1e90     1         build-gui-textfield/mv-payload.o:(.data)
        40139a60         40139a60        0     1                 _binary_build_user_app_mv_elf_start
        4013b8f0         4013b8f0        0     1                 _binary_build_user_app_mv_elf_end
        4013b8f0         4013b8f0     1e38     1         build-gui-textfield/pwd-payload.o:(.data)
        4013b8f0         4013b8f0        0     1                 _binary_build_user_app_pwd_elf_start
        4013d728         4013d728        0     1                 _binary_build_user_app_pwd_elf_end
        4013d728         4013d728     1ec8     1         build-gui-textfield/write-payload.o:(.data)
        4013d728         4013d728        0     1                 _binary_build_user_app_write_elf_start
        4013f5f0         4013f5f0        0     1                 _binary_build_user_app_write_elf_end
        4013f5f0         4013f5f0     1ec8     1         build-gui-textfield/append-payload.o:(.data)
        4013f5f0         4013f5f0        0     1                 _binary_build_user_app_append_elf_start
        401414b8         401414b8        0     1                 _binary_build_user_app_append_elf_end
        401414b8         401414b8     29f0     1         build-gui-textfield/pidtest-payload.o:(.data)
        401414b8         401414b8        0     1                 _binary_build_user_app_pidtest_elf_start
        40143ea8         40143ea8        0     1                 _binary_build_user_app_pidtest_elf_end
        40143ea8         40143ea8     3a58     1         build-gui-textfield/proctest-payload.o:(.data)
        40143ea8         40143ea8        0     1                 _binary_build_user_app_proctest_elf_start
        40147900         40147900        0     1                 _binary_build_user_app_proctest_elf_end
        40147900         40147900     29c8     1         build-gui-textfield/procfault-payload.o:(.data)
        40147900         40147900        0     1                 _binary_build_user_app_procfault_elf_start
        4014a2c8         4014a2c8        0     1                 _binary_build_user_app_procfault_elf_end
        4014a2c8         4014a2c8     29f0     1         build-gui-textfield/upper-payload.o:(.data)
        4014a2c8         4014a2c8        0     1                 _binary_build_user_app_upper_elf_start
        4014ccb8         4014ccb8        0     1                 _binary_build_user_app_upper_elf_end
        4014ccb8         4014ccb8     2a50     1         build-gui-textfield/pipetest-payload.o:(.data)
        4014ccb8         4014ccb8        0     1                 _binary_build_user_app_pipetest_elf_start
        4014f708         4014f708        0     1                 _binary_build_user_app_pipetest_elf_end
        4014f708         4014f708     2a38     1         build-gui-textfield/jobtest-payload.o:(.data)
        4014f708         4014f708        0     1                 _binary_build_user_app_jobtest_elf_start
        40152140         40152140        0     1                 _binary_build_user_app_jobtest_elf_end
        40152140         40152140     2910     1         build-gui-textfield/guihello-payload.o:(.data)
        40152140         40152140        0     1                 _binary_build_user_app_guihello_elf_start
        40154a50         40154a50        0     1                 _binary_build_user_app_guihello_elf_end
        40154a50         40154a50     5300     1         build-gui-textfield/guidemo-payload.o:(.data)
        40154a50         40154a50        0     1                 _binary_build_user_app_guidemo_elf_start
        40159d50         40159d50        0     1                 _binary_build_user_app_guidemo_elf_end
        40159d50         40159d50     53e8     1         build-gui-textfield/guitest-payload.o:(.data)
        40159d50         40159d50        0     1                 _binary_build_user_app_guitest_elf_start
        4015f138         4015f138        0     1                 _binary_build_user_app_guitest_elf_end
        4015f138         4015f138      ec8     1         . = ALIGN(0x1000)
        40160000         40160000        0     1         __data_end = .
        40160000         40160000   201000  4096 .bss
        40160000         40160000        0     1         __bss_start = .
        40160000         40160000       10     8         build-gui-textfield/console.o:(.bss)
        40160000         40160000        8     1                 output_putc
        40160000         40160000        0     1                 $d
        40160008         40160008        8     1                 output_write
        40160010         40160010       30     8         build-gui-textfield/display.o:(.bss)
        40160010         40160010        8     1                 framebuffer
        40160010         40160010        0     1                 $d
        40160018         40160018        8     1                 width
        40160020         40160020        8     1                 height
        40160028         40160028        8     1                 pitch
        40160030         40160030        4     1                 format
        40160038         40160038        8     1                 flush_callback
        40160040         40160040       20     8         build-gui-textfield/graphics.o:(.bss)
        40160040         40160040        8     1                 graphics_target_pixels
        40160040         40160040        0     1                 $d
        40160048         40160048        8     1                 graphics_target_width
        40160050         40160050        8     1                 graphics_target_height
        40160058         40160058        8     1                 graphics_target_stride
        40160060         40160060      108     8         build-gui-textfield/compositor.o:(.bss)
        40160060         40160060        1     1                 initialized
        40160060         40160060        0     1                 $d
        40160064         40160064        4     1                 surface_count
        40160068         40160068       40     1                 terminal_surface
        401600a8         401600a8        4     1                 pointer_x
        401600ac         401600ac        4     1                 pointer_y
        401600b0         401600b0        1     1                 pointer_visible
        401600b8         401600b8       80     1                 surfaces
        40160138         40160138        4     1                 update_depth
        4016013c         4016013c        1     1                 present_pending
        40160140         40160140        1     1                 dirty
        40160148         40160148        8     1                 dirty_x
        40160150         40160150        8     1                 dirty_y
        40160158         40160158        8     1                 dirty_width
        40160160         40160160        8     1                 dirty_height
        40160168         40160168    2e028     8         build-gui-textfield/window.o:(.bss)
        40160168         40160168        1     1                 initialized
        40160168         40160168        0     1                 $d
        4016016c         4016016c        4     1                 window_count
        40160170         40160170        4     1                 next_id
        40160174         40160174        4     1                 z_sequence
        40160178         40160178        8     1                 terminal_window
        40160180         40160180        8     1                 focused_window
        40160188         40160188     a300     1                 windows
        4016a488         4016a488        8     1                 resize_window
        4016a490         4016a490        4     1                 resize_edges
        4016a498         4016a498        8     1                 drag_window
        4016a4a0         4016a4a0        8     1                 close_window
        4016a4a8         4016a4a8        4     1                 resize_start_x
        4016a4ac         4016a4ac        4     1                 resize_start_y
        4016a4b0         4016a4b0        8     1                 resize_initial_x
        4016a4b8         4016a4b8        8     1                 resize_initial_y
        4016a4c0         4016a4c0        8     1                 resize_initial_width
        4016a4c8         4016a4c8        8     1                 resize_initial_height
        4016a4d0         4016a4d0        8     1                 resize_candidate_x
        4016a4d8         4016a4d8        8     1                 resize_candidate_y
        4016a4e0         4016a4e0        8     1                 resize_candidate_width
        4016a4e8         4016a4e8        8     1                 resize_candidate_height
        4016a4f0         4016a4f0        8     1                 drag_offset_x
        4016a4f8         4016a4f8        8     1                 drag_offset_y
        4016a500         4016a500    11e48     1                 window_user_acceptance_test.first
        4017c348         4017c348    11e48     1                 window_user_acceptance_test.second
        4018e190         4018e190       30     8         build-gui-textfield/render-stats.o:(.bss)
        4018e190         4018e190       30     1                 stats
        4018e190         4018e190        0     1                 $d
        4018e1c0         4018e1c0       49     4         build-gui-textfield/terminal.o:(.bss)
        4018e1c0         4018e1c0        4     1                 pending_read
        4018e1c0         4018e1c0        0     1                 $d
        4018e1c4         4018e1c4        4     1                 pending_write
        4018e1c8         4018e1c8        1     1                 terminal_has_geometry
        4018e1c9         4018e1c9       40     1                 pending_input
        4018e210         4018e210       a1     8         build-gui-textfield/terminal-fb.o:(.bss)
        4018e210         4018e210        4     1                 columns
        4018e210         4018e210        0     1                 $d
        4018e214         4018e214        4     1                 rows
        4018e218         4018e218       80     1                 cell_chunks
        4018e298         4018e298        c     1                 decoder
        4018e2a4         4018e2a4        4     1                 cursor_row
        4018e2a8         4018e2a8        4     1                 cursor_column
        4018e2ac         4018e2ac        1     1                 cursor_visible
        4018e2b0         4018e2b0        1     1                 active
        4018e2b8         4018e2b8     1024     8         build-gui-textfield/input.o:(.bss)
        4018e2b8         4018e2b8        4     1                 read_index
        4018e2b8         4018e2b8        0     1                 $d
        4018e2bc         4018e2bc        4     1                 write_index
        4018e2c0         4018e2c0        8     1                 dropped_events
        4018e2c8         4018e2c8        4     1                 pointer_read_index
        4018e2cc         4018e2cc        4     1                 pointer_write_index
        4018e2d0         4018e2d0        8     1                 dropped_pointer_events
        4018e2d8         4018e2d8        4     1                 hardware_available
        4018e2dc         4018e2dc      600     1                 queue
        4018e8dc         4018e8dc      a00     1                 pointer_queue
        4018f2e0         4018f2e0        8     8         build-gui-textfield/editor.o:(.bss)
        4018f2e0         4018f2e0        8     1                 editor_first_visible_line
        4018f2e0         4018f2e0        0     1                 $d
        4018f2e8         4018f2e8   12e498     8         build-gui-textfield/elf.o:(.bss)
        4018f2e8         4018f2e8   11e480     1                 processes
        4018f2e8         4018f2e8        0     1                 $d
        402ad768         402ad768        8     1                 last_spawned_process
        402ad770         402ad770        8     1                 loading_process
        402ad778         402ad778    10000     1                 image_storage
        402bd778         402bd778        8     1                 image
        402bd780         402bd780       50     8         build-gui-textfield/irq.o:(.bss)
        402bd780         402bd780       40     1                 platform_info
        402bd780         402bd780        0     1                 $d
        402bd7c0         402bd7c0        8     1                 timer_irq_count
        402bd7c8         402bd7c8        8     1                 user_preemption_count
        402be000         402be000    45034  4096         build-gui-textfield/scheduler.o:(.bss)
        402be000         402be000     4000     1                 worker_stack
        402be000         402be000        0     1                 $d
        402c2000         402c2000      510     1                 threads
        402c3000         402c3000    40000     1                 user_kernel_stacks
        40303000         40303000        4     1                 current_thread
        40303008         40303008        8     1                 context_switches
        40303010         40303010        8     1                 worker_counter
        40303018         40303018        8     1                 worker_saw_shell_waiting
        40303020         40303020        4     1                 user_enabled
        40303028         40303028        8     1                 user_exit_status
        40303030         40303030        4     1                 input_waiter
        40303038         40303038       10     8         build-gui-textfield/pipe.o:(.bss)
        40303038         40303038        4     1                 live_count
        40303038         40303038        0     1                 $d
        40303040         40303040        8     1                 live_bytes
        40303048         40303048      660     8         build-gui-textfield/vfs.o:(.bss)
        40303048         40303048        8     1                 mount_filesystem
        40303048         40303048        0     1                 $d
        40303050         40303050        8     1                 mount_device
        40303058         40303058        4     1                 mount_count
        40303060         40303060        8     1                 root_node
        40303068         40303068      640     1                 mounts
        403036a8         403036a8    57cd0     8         build-gui-textfield/nimfs.o:(.bss)
        403036a8         403036a8    10000     1                 bitmap_cache
        403036a8         403036a8        0     1                 $d
        403136a8         403136a8    40000     1                 inode_cache
        403536a8         403536a8      200     1                 io_buffer
        403538a8         403538a8        8     1                 root
        403538b0         403538b0      160     1                 root_nodes
        40353a10         40353a10     7800     1                 append_buffer
        4035b210         4035b210        4     1                 context_count
        4035b218         4035b218      160     1                 context_storage
        4035b378         4035b378        9     8         build-gui-textfield/timer.o:(.bss)
        4035b378         4035b378        8     1                 boot_ticks
        4035b378         4035b378        0     1                 $d
        4035b380         4035b380        1     1                 initialized
        4035b388         4035b388       10     8         build-gui-textfield/arch-timer.o:(.bss)
        4035b388         4035b388        8     1                 irq_period_ticks
        4035b388         4035b388        0     1                 $d
        4035b390         4035b390        8     1                 irq_next_deadline
        4035b398         4035b398       50     8         build-gui-textfield/mmu.o:(.bss)
        4035b398         4035b398        8     1                 initial_sctlr_value
        4035b398         4035b398        0     1                 $d
        4035b3a0         4035b3a0        8     1                 root_table_address
        4035b3a8         4035b3a8        8     1                 uart_physical_address
        4035b3b0         4035b3b0        1     1                 initialized
        4035b3b8         4035b3b8        8     1                 table_page_count
        4035b3c0         4035b3c0        8     1                 l3_table_page_count
        4035b3c8         4035b3c8       18     1                 kernel_address_space
        4035b3e0         4035b3e0        8     1                 active_address_space
        4035b3e8         4035b3e8      510     8         build-gui-textfield/qemu-virtio.o:(.bss)
        4035b3e8         4035b3e8        4     1                 disk_count
        4035b3e8         4035b3e8        0     1                 $d
        4035b3f0         4035b3f0      200     1                 states
        4035b5f0         4035b5f0      180     1                 disks
        4035b770         4035b770       30     1                 disk_names
        4035b7a0         4035b7a0       68     1                 gpu
        4035b808         4035b808       78     1                 input_device
        4035b880         4035b880       78     1                 pointer_device
        4035b8f8         4035b8f8       10     8         build-gui-textfield/gic.o:(.bss)
        4035b8f8         4035b8f8        8     1                 gicd
        4035b8f8         4035b8f8        0     1                 $d
        4035b900         4035b900        8     1                 gicc
        4035b908         4035b908      140     8         build-gui-textfield/pmm.o:(.bss)
        4035b908         4035b908        1     1                 initialized
        4035b908         4035b908        0     1                 $d
        4035b90c         4035b90c        4     1                 managed_range_count
        4035b910         4035b910      110     1                 managed_ranges
        4035ba20         4035ba20        8     1                 metadata_page_count
        4035ba28         4035ba28        8     1                 page_bitmap
        4035ba30         4035ba30        8     1                 total_page_count
        4035ba38         4035ba38        8     1                 bitmap_size
        4035ba40         4035ba40        8     1                 free_page_count
        4035ba48         4035ba48       20     8         build-gui-textfield/heap.o:(.bss)
        4035ba48         4035ba48        1     1                 initialized
        4035ba48         4035ba48        0     1                 $d
        4035ba50         4035ba50        8     1                 heap_head
        4035ba58         4035ba58        8     1                 reserved_bytes
        4035ba60         4035ba60        8     1                 allocated_bytes
        4035ba68         4035ba68      608     8         build-gui-textfield/shell.o:(.bss)
        4035ba68         4035ba68        8     1                 shell_cwd
        4035ba68         4035ba68        0     1                 $d
        4035ba70         4035ba70      600     1                 shell_jobs
        4035c070         4035c070       48     8         build-gui-textfield/block.o:(.bss)
        4035c070         4035c070        4     1                 device_count
        4035c070         4035c070        0     1                 $d
        4035c078         4035c078       40     1                 devices
        4035c0b8         4035c0b8      118     8         build-gui-textfield/uart.o:(.bss)
        4035c0b8         4035c0b8        4     1                 rx_head
        4035c0b8         4035c0b8        0     1                 $d
        4035c0bc         4035c0bc        4     1                 rx_tail
        4035c0c0         4035c0c0        8     1                 rx_dropped
        4035c0c8         4035c0c8        8     1                 rx_irq_count
        4035c0d0         4035c0d0      100     1                 rx_storage
        4035c1d0         4035c1d0      e30     1         . = ALIGN(0x1000)
        4035d000         4035d000        0     1         __bss_end = .
        4035d000         4035d000        0     1         __stack_bottom = .
        4035d000         4035d000     4000     1         . += 16K
        40361000         40361000        0     1         . = ALIGN(0x1000)
        40361000         40361000        0     1         __stack_top = .
        40361000         40361000     1000  4096 .user.text
        40361000         40361000        0     1         __user_text_start = .
        40361000         40361000       d4     4         build-gui-textfield/user-test.o:(.user.text)
        40361000         40361000        0     1                 $x
        40361000         40361000       bc     1                 user_test_entry
        403610bc         403610bc       18     1                 user_fault_entry
        403610d4         403610d4       1c     4         build-gui-textfield/user-syscall.o:(.user.text)
        403610d4         403610d4        0     1                 $x
        403610d4         403610d4        0     1                 nimera_write
        403610e0         403610e0        0     1                 nimera_exit
        403610f0         403610f0      f10     1         . = ALIGN(0x1000)
        40362000         40362000        0     1         __user_text_end = .
        40362000         40362000     1000  4096 .user.rodata
        40362000         40362000        0     1         __user_rodata_start = .
        40362000         40362000       26     1         build-gui-textfield/user-test.o:(.user.rodata)
        40362000         40362000       16     1                 user_hello
        40362000         40362000        0     1                 $d
        40362016         40362016       10     1                 user_done
        40362026         40362026      fda     1         . = ALIGN(0x1000)
        40363000         40363000        0     1         __user_rodata_end = .
        40363000         40363000     1000  4096 .user.data
        40363000         40363000        0     1         __user_data_start = .
        40363000         40363000        8     8         build-gui-textfield/user-test.o:(.user.data)
        40363000         40363000        0     1                 $d
        40363000         40363000        8     1                 user_counter
        40363008         40363008      ff8     1         . = ALIGN(0x1000)
        40364000         40364000        0     1         __user_data_end = .
        40364000         40364000     4000  4096 .user.bss
        40364000         40364000        0     1         __user_stack_bottom = .
        40364000         40364000     4000  4096         build-gui-textfield/user-test.o:(.user.bss)
        40364000         40364000        0     1                 $d
        40364000         40364000     4000     1                 user_stack
        40368000         40368000        0     1         . = ALIGN(0x1000)
        40368000         40368000        0     1         __user_stack_top = .
        40368000         40368000        0     1 __kernel_end = .
               0                0     5a00     8 .symtab
               0                0     5a00     8         <internal>:(.symtab)
               0                0       61     1 .shstrtab
               0                0       61     1         <internal>:(.shstrtab)
               0                0     3b95     1 .strtab
               0                0     3b95     1         <internal>:(.strtab)
